The currently activated Python version 3.14.4 is not supported by the project (>=3.13,<3.14).
Trying to find and use a compatible version.
Using python3.13 (3.13.13)

ADR-023 Probe 6: rent + IMMEDIATELY release a US LOCAL number
  project        : REDACTED-PROJECT-ID
  key            : REDACTED-ACCESS-KEY-ID secret=REDACTED
  search         : US LOCAL +1307 (size 5)
  rent config    : voiceConfiguration {type: RTC, appId: a64561f0-d691-4fc0-b013-bcec5f12f1bc}
  rent rollback  : POST :release immediately on success
  cost ceiling   : ~$1.00 if release permanently fails (orphan)
  STATE CHANGE   : YES — this probe activates a real DID briefly

Proceed? [y/N] {"ts": "20260419T213820Z", "phase": "probe", "status": "start", "project": "REDACTED-PROJECT-ID"}
{"ts": "20260419T213820Z", "phase": "token", "status": "request", "url": "https://auth.sinch.com/oauth2/token"}
{"ts": "20260419T213820Z", "phase": "token", "status": "response", "http_status": 200, "body": {"access_token": "REDACTED", "expires_in": 3599, "scope": "", "token_type": "bearer"}}
{"ts": "20260419T213820Z", "phase": "search", "status": "request", "url": "https://numbers.api.sinch.com/v1/projects/REDACTED-PROJECT-ID/availableNumbers", "params": {"regionCode": "US", "type": "LOCAL", "capabilities": "VOICE", "size": "5", "numberPattern.pattern": "+1307", "numberPattern.searchPattern": "START"}}
{"ts": "20260419T213822Z", "phase": "search", "status": "response", "http_status": 200, "body": {"availableNumbers": [{"phoneNumber": "+13072074530", "regionCode": "US", "type": "LOCAL", "capability": ["SMS", "VOICE"], "setupPrice": {"currencyCode": "USD", "amount": "0.50"}, "monthlyPrice": {"currencyCode": "USD", "amount": "0.50"}, "paymentIntervalMonths": 1, "supportingDocumentationRequired": true}, {"phoneNumber": "+13072074552", "regionCode": "US", "type": "LOCAL", "capability": ["SMS", "VOICE"], "setupPrice": {"currencyCode": "USD", "amount": "0.50"}, "monthlyPrice": {"currencyCode": "USD", "amount": "0.50"}, "paymentIntervalMonths": 1, "supportingDocumentationRequired": true}, {"phoneNumber": "+13072129264", "regionCode": "US", "type": "LOCAL", "capability": ["SMS", "VOICE"], "setupPrice": {"currencyCode": "USD", "amount": "0.50"}, "monthlyPrice": {"currencyCode": "USD", "amount": "0.50"}, "paymentIntervalMonths": 1, "supportingDocumentationRequired": true}, {"phoneNumber": "+13072129484", "regionCode": "US", "type": "LOCAL", "capability": ["SMS", "VOICE"], "setupPrice": {"currencyCode": "USD", "amount": "0.50"}, "monthlyPrice": {"currencyCode": "USD", "amount": "0.50"}, "paymentIntervalMonths": 1, "supportingDocumentationRequired": true}, {"phoneNumber": "+13072129558", "regionCode": "US", "type": "LOCAL", "capability": ["SMS", "VOICE"], "setupPrice": {"currencyCode": "USD", "amount": "0.50"}, "monthlyPrice": {"currencyCode": "USD", "amount": "0.50"}, "paymentIntervalMonths": 1, "supportingDocumentationRequired": true}]}}
{"ts": "20260419T213822Z", "phase": "search", "status": "selected", "phoneNumber": "+13072074530", "setupPrice": {"currencyCode": "USD", "amount": "0.50"}, "monthlyPrice": {"currencyCode": "USD", "amount": "0.50"}, "supportingDocumentationRequired": true}
{"ts": "20260419T213822Z", "phase": "rent", "status": "request", "url": "https://numbers.api.sinch.com/v1/projects/REDACTED-PROJECT-ID/availableNumbers/+13072074530:rent", "body": {"voiceConfiguration": {"type": "RTC", "appId": "a64561f0-d691-4fc0-b013-bcec5f12f1bc"}}, "phone": "+13072074530"}
{"ts": "20260419T213823Z", "phase": "rent", "status": "response", "phone": "+13072074530", "http_status": 200, "body": {"phoneNumber": "+13072074530", "projectId": "REDACTED-PROJECT-ID", "displayName": "", "regionCode": "US", "type": "LOCAL", "capability": ["SMS", "VOICE"], "money": {"currencyCode": "USD", "amount": "0.50"}, "paymentIntervalMonths": 1, "nextChargeDate": "2026-05-19T21:38:22.937044Z", "expireAt": null, "smsConfiguration": {"servicePlanId": "", "scheduledProvisioning": null, "campaignId": ""}, "voiceConfiguration": {"appId": "", "scheduledVoiceProvisioning": {"appId": "a64561f0-d691-4fc0-b013-bcec5f12f1bc", "status": "WAITING", "lastUpdatedTime": "2026-04-19T21:38:23.410063Z", "type": "RTC", "trunkId": "", "serviceId": ""}, "lastUpdatedTime": null, "type": "RTC", "trunkId": "", "serviceId": ""}, "callbackUrl": ""}}
{"ts": "20260419T213823Z", "phase": "probe", "status": "rent_succeeded_releasing_now", "phone": "+13072074530"}
{"ts": "20260419T213823Z", "phase": "release", "status": "request", "url": "https://numbers.api.sinch.com/v1/projects/REDACTED-PROJECT-ID/activeNumbers/+13072074530:release", "phone": "+13072074530"}
{"ts": "20260419T213823Z", "phase": "release", "status": "response", "phone": "+13072074530", "http_status": 200, "body": {"phoneNumber": "+13072074530", "projectId": "REDACTED-PROJECT-ID", "displayName": "", "regionCode": "US", "type": "LOCAL", "capability": ["SMS", "VOICE"], "money": {"currencyCode": "USD", "amount": "0.50"}, "paymentIntervalMonths": 1, "nextChargeDate": "2026-05-19T21:38:22.937044Z", "expireAt": "2026-05-19T21:38:22.937044Z", "smsConfiguration": {"servicePlanId": "", "scheduledProvisioning": null, "campaignId": ""}, "voiceConfiguration": {"appId": "", "scheduledVoiceProvisioning": null, "lastUpdatedTime": null, "type": "RTC", "trunkId": "", "serviceId": ""}, "callbackUrl": ""}}
{"ts": "20260419T213823Z", "phase": "probe", "status": "release_succeeded"}
{"ts": "20260419T213823Z", "phase": "probe", "status": "clean_exit"}
