The currently activated Python version 3.14.4 is not supported by the project (>=3.13,<3.14).
Trying to find and use a compatible version.
Using python3.13 (3.13.13)

ADR-023 Probe 3: Fax Service CRUD (production org)
  project      : REDACTED-PROJECT-ID
  key          : REDACTED-ACCESS-KEY-ID secret=REDACTED
  fax api base : https://fax.api.sinch.com

Flow: list → create (oce-probe03-…) → get → patch → get → list → delete → list
Created service has webhook URL pointing at example.invalid — no real traffic.

Proceed? [y/N] {"ts": "20260417T200825Z", "phase": "probe", "status": "start", "project": "REDACTED-PROJECT-ID"}
{"ts": "20260417T200825Z", "phase": "token", "status": "request", "url": "https://auth.sinch.com/oauth2/token"}
{"ts": "20260417T200825Z", "phase": "token", "status": "response", "http_status": 200, "body": {"access_token": "REDACTED", "expires_in": 3599, "scope": "", "token_type": "bearer"}}
{"ts": "20260417T200825Z", "phase": "discover", "status": "try", "url": "https://fax.api.sinch.com/v3/projects/REDACTED-PROJECT-ID/services", "method": "GET"}
{"ts": "20260417T200826Z", "phase": "discover", "status": "result", "url": "https://fax.api.sinch.com/v3/projects/REDACTED-PROJECT-ID/services", "http_status": 200}
{"ts": "20260417T200826Z", "phase": "discover", "status": "selected", "base": "https://fax.api.sinch.com/v3/projects/REDACTED-PROJECT-ID/services"}
{"ts": "20260417T200826Z", "phase": "list", "status": "request", "label": "pre", "url": "https://fax.api.sinch.com/v3/projects/REDACTED-PROJECT-ID/services"}
{"ts": "20260417T200826Z", "phase": "list", "status": "response", "label": "pre", "http_status": 200, "body": {"services": [{"id": "01KA9HS6PEVQDSBEWWZ3AT61RF", "webhookContentType": "multipart/form-data", "defaultFrom": "", "numberOfRetries": 3, "retryDelaySeconds": 60, "imageConversionMethod": "HALFTONE", "projectId": "REDACTED-PROJECT-ID", "scanIncomingBarcodes": false, "resolution": "FINE", "inProgressNotifications": false, "createdAt": "2025-11-17T18:38:36Z", "updatedAt": "2025-11-17T18:38:36Z", "defaultForProject": true, "saveOutboundFaxDocuments": true, "saveInboundFaxDocuments": true, "name": "Default Service"}], "page": 1, "pageSize": 100, "totalItems": 1, "totalPages": 1}}
{"ts": "20260417T200826Z", "phase": "list", "status": "snapshot", "existing_count": 1, "existing_ids": ["01KA9HS6PEVQDSBEWWZ3AT61RF"]}
{"ts": "20260417T200826Z", "phase": "create", "status": "request", "url": "https://fax.api.sinch.com/v3/projects/REDACTED-PROJECT-ID/services", "body": {"name": "oce-probe03-20260417T200826Z", "incomingWebhookUrl": "https://REDACTED-USER:REDACTED-PASS@example.invalid/fax-callback", "webhookContentType": "application/json", "numberOfRetries": 3}}
{"ts": "20260417T200826Z", "phase": "create", "status": "response", "http_status": 201, "body": {"id": "01KPEGY6RJC6PMA52N2KGWPAME", "webhookContentType": "application/json", "numberOfRetries": 3, "retryDelaySeconds": 60, "imageConversionMethod": "HALFTONE", "projectId": "REDACTED-PROJECT-ID", "scanIncomingBarcodes": false, "resolution": "FINE", "inProgressNotifications": false, "createdAt": "2026-04-17T20:08:26Z", "updatedAt": "2026-04-17T20:08:26Z", "defaultForProject": false, "saveOutboundFaxDocuments": true, "saveInboundFaxDocuments": true, "name": "oce-probe03-20260417T200826Z", "incomingWebhookUrl": "https://***:***@example.invalid/fax-callback"}}
{"ts": "20260417T200826Z", "phase": "create", "status": "captured", "service_id": "01KPEGY6RJC6PMA52N2KGWPAME", "name_echoed": "oce-probe03-20260417T200826Z", "webhook_url_echoed": "https://***:***@example.invalid/fax-callback", "creds_visible_on_create": false}
{"ts": "20260417T200826Z", "phase": "get", "status": "request", "label": "post_create", "url": "https://fax.api.sinch.com/v3/projects/REDACTED-PROJECT-ID/services/01KPEGY6RJC6PMA52N2KGWPAME"}
{"ts": "20260417T200826Z", "phase": "get", "status": "response", "label": "post_create", "http_status": 200, "body": {"id": "01KPEGY6RJC6PMA52N2KGWPAME", "webhookContentType": "application/json", "numberOfRetries": 3, "retryDelaySeconds": 60, "imageConversionMethod": "HALFTONE", "projectId": "REDACTED-PROJECT-ID", "scanIncomingBarcodes": false, "resolution": "FINE", "inProgressNotifications": false, "createdAt": "2026-04-17T20:08:26Z", "updatedAt": "2026-04-17T20:08:26Z", "defaultForProject": false, "saveOutboundFaxDocuments": true, "saveInboundFaxDocuments": true, "name": "oce-probe03-20260417T200826Z", "incomingWebhookUrl": "https://***:***@example.invalid/fax-callback"}}
{"ts": "20260417T200826Z", "phase": "get", "status": "inspection", "label": "post_create", "webhook_url_echoed": "https://***:***@example.invalid/fax-callback", "creds_visible_on_get": false}
{"ts": "20260417T200826Z", "phase": "patch", "status": "request", "url": "https://fax.api.sinch.com/v3/projects/REDACTED-PROJECT-ID/services/01KPEGY6RJC6PMA52N2KGWPAME", "body": {"name": "oce-probe03-patched-20260417T200826Z", "incomingWebhookUrl": "https://REDACTED-USER:REDACTED-PASS@example.invalid/fax-callback-v2"}}
{"ts": "20260417T200826Z", "phase": "patch", "status": "response", "http_status": 200, "body": {"id": "01KPEGY6RJC6PMA52N2KGWPAME", "webhookContentType": "application/json", "numberOfRetries": 3, "retryDelaySeconds": 60, "imageConversionMethod": "HALFTONE", "projectId": "REDACTED-PROJECT-ID", "scanIncomingBarcodes": false, "resolution": "FINE", "inProgressNotifications": false, "createdAt": "2026-04-17T20:08:26Z", "updatedAt": "2026-04-17T20:08:26Z", "defaultForProject": false, "saveOutboundFaxDocuments": true, "saveInboundFaxDocuments": true, "name": "oce-probe03-patched-20260417T200826Z", "incomingWebhookUrl": "https://***:***@example.invalid/fax-callback-v2"}}
{"ts": "20260417T200826Z", "phase": "get", "status": "request", "label": "post_patch", "url": "https://fax.api.sinch.com/v3/projects/REDACTED-PROJECT-ID/services/01KPEGY6RJC6PMA52N2KGWPAME"}
{"ts": "20260417T200826Z", "phase": "get", "status": "response", "label": "post_patch", "http_status": 200, "body": {"id": "01KPEGY6RJC6PMA52N2KGWPAME", "webhookContentType": "application/json", "numberOfRetries": 3, "retryDelaySeconds": 60, "imageConversionMethod": "HALFTONE", "projectId": "REDACTED-PROJECT-ID", "scanIncomingBarcodes": false, "resolution": "FINE", "inProgressNotifications": false, "createdAt": "2026-04-17T20:08:26Z", "updatedAt": "2026-04-17T20:08:26Z", "defaultForProject": false, "saveOutboundFaxDocuments": true, "saveInboundFaxDocuments": true, "name": "oce-probe03-patched-20260417T200826Z", "incomingWebhookUrl": "https://***:***@example.invalid/fax-callback-v2"}}
{"ts": "20260417T200826Z", "phase": "get", "status": "inspection", "label": "post_patch", "webhook_url_echoed": "https://***:***@example.invalid/fax-callback-v2", "creds_visible_on_get": false}
{"ts": "20260417T200826Z", "phase": "list", "status": "request", "label": "mid", "url": "https://fax.api.sinch.com/v3/projects/REDACTED-PROJECT-ID/services"}
{"ts": "20260417T200826Z", "phase": "list", "status": "response", "label": "mid", "http_status": 200, "body": {"services": [{"id": "01KA9HS6PEVQDSBEWWZ3AT61RF", "webhookContentType": "multipart/form-data", "defaultFrom": "", "numberOfRetries": 3, "retryDelaySeconds": 60, "imageConversionMethod": "HALFTONE", "projectId": "REDACTED-PROJECT-ID", "scanIncomingBarcodes": false, "resolution": "FINE", "inProgressNotifications": false, "createdAt": "2025-11-17T18:38:36Z", "updatedAt": "2025-11-17T18:38:36Z", "defaultForProject": true, "saveOutboundFaxDocuments": true, "saveInboundFaxDocuments": true, "name": "Default Service"}, {"id": "01KPEGY6RJC6PMA52N2KGWPAME", "webhookContentType": "application/json", "numberOfRetries": 3, "retryDelaySeconds": 60, "imageConversionMethod": "HALFTONE", "projectId": "REDACTED-PROJECT-ID", "scanIncomingBarcodes": false, "resolution": "FINE", "inProgressNotifications": false, "createdAt": "2026-04-17T20:08:26Z", "updatedAt": "2026-04-17T20:08:26Z", "defaultForProject": false, "saveOutboundFaxDocuments": true, "saveInboundFaxDocuments": true, "name": "oce-probe03-patched-20260417T200826Z", "incomingWebhookUrl": "https://***:***@example.invalid/fax-callback-v2"}], "page": 1, "pageSize": 100, "totalItems": 2, "totalPages": 1}}
{"ts": "20260417T200826Z", "phase": "list", "status": "presence_check", "label": "mid", "present": true, "total": 2}
{"ts": "20260417T200826Z", "phase": "probe", "status": "all_steps_passed_pre_teardown"}
{"ts": "20260417T200826Z", "phase": "teardown", "status": "begin", "service_id": "01KPEGY6RJC6PMA52N2KGWPAME"}
{"ts": "20260417T200826Z", "phase": "delete", "status": "request", "url": "https://fax.api.sinch.com/v3/projects/REDACTED-PROJECT-ID/services/01KPEGY6RJC6PMA52N2KGWPAME"}
{"ts": "20260417T200826Z", "phase": "delete", "status": "response", "http_status": 204, "body": ""}
{"ts": "20260417T200826Z", "phase": "teardown", "status": "end", "orphans": []}
{"ts": "20260417T200826Z", "phase": "list", "status": "request", "label": "post", "url": "https://fax.api.sinch.com/v3/projects/REDACTED-PROJECT-ID/services"}
{"ts": "20260417T200826Z", "phase": "list", "status": "response", "label": "post", "http_status": 200, "body": {"services": [{"id": "01KA9HS6PEVQDSBEWWZ3AT61RF", "webhookContentType": "multipart/form-data", "defaultFrom": "", "numberOfRetries": 3, "retryDelaySeconds": 60, "imageConversionMethod": "HALFTONE", "projectId": "REDACTED-PROJECT-ID", "scanIncomingBarcodes": false, "resolution": "FINE", "inProgressNotifications": false, "createdAt": "2025-11-17T18:38:36Z", "updatedAt": "2025-11-17T18:38:36Z", "defaultForProject": true, "saveOutboundFaxDocuments": true, "saveInboundFaxDocuments": true, "name": "Default Service"}], "page": 1, "pageSize": 100, "totalItems": 1, "totalPages": 1}}
{"ts": "20260417T200826Z", "phase": "list", "status": "presence_check", "label": "post", "still_present": false, "total": 1}
{"ts": "20260417T200826Z", "phase": "probe", "status": "clean_exit", "status_code": 0}
